CAPTURE dreieich_75km_gravel_N points=1647 cost=158577 repeated=158577 requestMs=4052
CAPTURE dreieich_100km_fastbike_W points=2789 cost=134007 repeated=134007 requestMs=29836
CAPTURE urban_berlin_80km_fastbike_N points=3155 cost=103159 repeated=103159 requestMs=21221
CAPTURE rural_lozere_80km_gravel_E points=2254 cost=223343 repeated=223343 requestMs=860
CAPTURE rural_lozere_50km_fastbike_S points=1225 cost=82409 repeated=82409 requestMs=425
CAPTURE mallorca_100km_fastbike_E points=1898 cost=116699 repeated=116699 requestMs=988
CAPTURE basel_80km_gravel_W points=2076 cost=202579 repeated=202579 requestMs=1845
CAPTURE basel_30km_fastbike_S points=1225 cost=44663 repeated=44663 requestMs=617
CAPTURE grenoble_30km_fastbike_S points=1140 cost=39989 repeated=39989 requestMs=1518
CAPTURE grenoble_75km_fastbike_N points=2105 cost=97654 repeated=97654 requestMs=24639
CAPTURE garmisch_30km_fastbike_N points=1379 cost=264748 repeated=264748 requestMs=12022
CAPTURE girona_75km_gravel_W points=2147 cost=185623 repeated=185623 requestMs=5285
CAPTURE crete_senesi_100km_gravel_W points=4144 cost=378725 repeated=378725 requestMs=2460
CAPTURE crete_senesi_75km_fastbike_S points=2286 cost=103289 repeated=103289 requestMs=1642
CAPTURE dreieich_30km_gravel_E points=522 cost=58803 repeated=58803 requestMs=511
CAPTURE dreieich_30km_fastbike_E points=799 cost=46397 repeated=46397 requestMs=1078
CAPTURE mallorca_30km_gravel_N points=793 cost=87231 repeated=87231 requestMs=376
CAPTURE mallorca_30km_fastbike_N points=1110 cost=56512 repeated=56512 requestMs=942
CAPTURE basel_30km_gravel_N points=906 cost=86356 repeated=86356 requestMs=1068
CAPTURE basel_30km_fastbike_N points=961 cost=36972 repeated=36972 requestMs=2385
CAPTURE urban_berlin_50km_fastbike_E points=2058 cost=67605 repeated=67605 requestMs=7603
CAPTURE freiburg_30km_fastbike_W points=1097 cost=38111 repeated=38111 requestMs=3840
CAPTURE grenoble_80km_fastbike_E points=3161 cost=151092 repeated=151092 requestMs=3748
